../Core/Inc/Kalman.h:14:20:Kalman_Init	16	static
../Core/Inc/Kalman.h:22:21:Kalman_GetAngle	56	static
../Core/Inc/utils.h:6:24:micros	4	static
../Core/Src/main.c:123:6:HAL_UART_RxCpltCallback	16	static
../Core/Src/main.c:133:5:main	88	static
../Core/Src/main.c:272:6:SystemClock_Config	72	static
../Core/Src/main.c:312:13:MX_I2C1_Init	8	static
../Core/Src/main.c:346:13:MX_TIM2_Init	64	static
../Core/Src/main.c:409:13:MX_USART1_UART_Init	8	static
../Core/Src/main.c:442:13:MX_GPIO_Init	40	static
../Core/Src/main.c:477:6:MPU6050_Init	88	static
../Core/Src/main.c:524:6:readMPU	80	static
../Core/Src/main.c:539:6:stopMotor	8	static
../Core/Src/main.c:546:6:setIndividualMotors	24	static
../Core/Src/main.c:571:6:Error_Handler	4	static,ignoring_inline_asm
